// Jest Snapshot v1, https://goo.gl/fbAQLP

exports[`Panel Tests Correct styles for danger panel | Dark mode 1`] = `
<div>
   
</div>
`;

exports[`Panel Tests Correct styles for danger panel 1`] = `<div />`;

exports[`Panel Tests Correct styles for info panel | Dark mode 1`] = `
<div>
   
</div>
`;

exports[`Panel Tests Correct styles for info panel 1`] = `<div />`;

exports[`Panel Tests Correct styles for success panel | Dark mode 1`] = `<div />`;

exports[`Panel Tests Correct styles for success panel 1`] = `<div />`;

exports[`Panel Tests Correct styles for warning panel | Dark mode 1`] = `
<div>
   
</div>
`;

exports[`Panel Tests Correct styles for warning panel 1`] = `<div />`;

exports[`Panel Tests Setting the title prop sets the title 1`] = `<div />`;
